[INFO] Loading metadata from file /Users/jinhyunpark/npl/Analysis/ALICE/data/ao2d/O2Tutorial4.0/AO2D-PbPb-derived-small.root in PID 20235
[INFO] No metadata found in file "/Users/jinhyunpark/npl/Analysis/ALICE/data/ao2d/O2Tutorial4.0/AO2D-PbPb-derived-small.root" and parent level 0 prevents further lookup.
[INFO] Initialising O2 Data Processing Layer. Driver PID: 20235.
[INFO] Driver listening on port: 28315
[INFO] Rate limiting set up at 500MB distributed over 1 readers
[INFO] O2 Data Processing Layer initialised. We brake for nobody.
[INFO] Optimised build. O2DEBUG / LOG(debug) / LOGF(debug) / assert statement will not be shown.
[INFO] Redeployment of configuration asked.
[INFO] Starting internal-dpl-clock on pid 20241
[INFO] Starting internal-dpl-aod-reader on pid 20242
[INFO] Starting handson3ver0 on pid 20243
[INFO] Starting handson3ver1 on pid 20244
[INFO] Starting internal-dpl-aod-global-analysis-file-sink on pid 20245
[INFO] Starting internal-dpl-injected-dummy-sink on pid 20246
[INFO] Redeployment of configuration done.
[20241:internal-dpl-clock]: [INFO] Instrumenting crash signals
[20241:internal-dpl-clock]: [INFO] Spawing new device internal-dpl-clock in process with pid 20241
[20241:internal-dpl-clock]: [23:45:36][INFO] 
[20241:internal-dpl-clock]:       ______      _    _______  _________ 
[20241:internal-dpl-clock]:      / ____/___ _(_)_______   |/  /_  __ \    version 1.9.1
[20241:internal-dpl-clock]:     / /_  / __ `/ / ___/__  /|_/ /_  / / /    build RELWITHDEBINFO
[20241:internal-dpl-clock]:    / __/ / /_/ / / /    _  /  / / / /_/ /     https://github.com/FairRootGroup/FairMQ
[20241:internal-dpl-clock]:   /_/    \__,_/_/_/     /_/  /_/  \___\_\     LGPL-3.0  © 2012-2025 GSI
[20241:internal-dpl-clock]: 
[20241:internal-dpl-clock]: [23:45:36][STATE] Starting FairMQ state machine --> IDLE
[20243:handson3ver0]: [INFO] Instrumenting crash signals
[20243:handson3ver0]: [INFO] Spawing new device handson3ver0 in process with pid 20243
[20243:handson3ver0]: [23:45:36][INFO] 
[20243:handson3ver0]:       ______      _    _______  _________ 
[20243:handson3ver0]:      / ____/___ _(_)_______   |/  /_  __ \    version 1.9.1
[20243:handson3ver0]:     / /_  / __ `/ / ___/__  /|_/ /_  / / /    build RELWITHDEBINFO
[20243:handson3ver0]:    / __/ / /_/ / / /    _  /  / / / /_/ /     https://github.com/FairRootGroup/FairMQ
[20243:handson3ver0]:   /_/    \__,_/_/_/     /_/  /_/  \___\_\     LGPL-3.0  © 2012-2025 GSI
[20243:handson3ver0]: 
[20243:handson3ver0]: [23:45:36][STATE] Starting FairMQ state machine --> IDLE
[20241:internal-dpl-clock]: [23:45:36][STATE] IDLE ---> INITIALIZING DEVICE
[20243:handson3ver0]: [23:45:36][STATE] IDLE ---> INITIALIZING DEVICE
[20246:internal-dpl-injected-dummy-sink]: [INFO] Instrumenting crash signals
[20241:internal-dpl-clock]: [23:45:36][STATE] INITIALIZING DEVICE ---> INITIALIZED
[20246:internal-dpl-injected-dummy-sink]: [INFO] Spawing new device internal-dpl-injected-dummy-sink in process with pid 20246
[20241:internal-dpl-clock]: [23:45:36][STATE] INITIALIZED ---> BINDING
[20242:internal-dpl-aod-reader]: [INFO] Instrumenting crash signals
[20246:internal-dpl-injected-dummy-sink]: [23:45:36][INFO] 
[20246:internal-dpl-injected-dummy-sink]:       ______      _    _______  _________ 
[20246:internal-dpl-injected-dummy-sink]:      / ____/___ _(_)_______   |/  /_  __ \    version 1.9.1
[20246:internal-dpl-injected-dummy-sink]:     / /_  / __ `/ / ___/__  /|_/ /_  / / /    build RELWITHDEBINFO
[20246:internal-dpl-injected-dummy-sink]:    / __/ / /_/ / / /    _  /  / / / /_/ /     https://github.com/FairRootGroup/FairMQ
[20246:internal-dpl-injected-dummy-sink]:   /_/    \__,_/_/_/     /_/  /_/  \___\_\     LGPL-3.0  © 2012-2025 GSI
[20246:internal-dpl-injected-dummy-sink]: 
[20246:internal-dpl-injected-dummy-sink]: [23:45:36][STATE] Starting FairMQ state machine --> IDLE
[20243:handson3ver0]: [23:45:37][STATE] INITIALIZING DEVICE ---> INITIALIZED
[20242:internal-dpl-aod-reader]: [INFO] Spawing new device internal-dpl-aod-reader in process with pid 20242
[20243:handson3ver0]: [23:45:37][STATE] INITIALIZED ---> BINDING
[20242:internal-dpl-aod-reader]: [23:45:37][INFO] 
[20242:internal-dpl-aod-reader]:       ______      _    _______  _________ 
[20242:internal-dpl-aod-reader]:      / ____/___ _(_)_______   |/  /_  __ \    version 1.9.1
[20242:internal-dpl-aod-reader]:     / /_  / __ `/ / ___/__  /|_/ /_  / / /    build RELWITHDEBINFO
[20242:internal-dpl-aod-reader]:    / __/ / /_/ / / /    _  /  / / / /_/ /     https://github.com/FairRootGroup/FairMQ
[20242:internal-dpl-aod-reader]:   /_/    \__,_/_/_/     /_/  /_/  \___\_\     LGPL-3.0  © 2012-2025 GSI
[20242:internal-dpl-aod-reader]: 
[20242:internal-dpl-aod-reader]: [23:45:37][STATE] Starting FairMQ state machine --> IDLE
[20246:internal-dpl-injected-dummy-sink]: [23:45:37][STATE] IDLE ---> INITIALIZING DEVICE
[20241:internal-dpl-clock]: [23:45:37][STATE] BINDING ---> BOUND
[20241:internal-dpl-clock]: [23:45:37][STATE] BOUND ---> CONNECTING
[20241:internal-dpl-clock]: [23:45:37][STATE] CONNECTING ---> DEVICE READY
[20241:internal-dpl-clock]: [23:45:37][STATE] DEVICE READY ---> INITIALIZING TASK
[20243:handson3ver0]: [23:45:37][STATE] BINDING ---> BOUND
[20243:handson3ver0]: [23:45:37][STATE] BOUND ---> CONNECTING
[20241:internal-dpl-clock]: [23:45:37][STATE] INITIALIZING TASK ---> READY
[20243:handson3ver0]: [23:45:37][STATE] CONNECTING ---> DEVICE READY
[20243:handson3ver0]: [23:45:37][STATE] DEVICE READY ---> INITIALIZING TASK
[20241:internal-dpl-clock]: [23:45:37][STATE] READY ---> RUNNING
[20241:internal-dpl-clock]: [23:45:37][INFO] fair::mq::Device running...
[20243:handson3ver0]: [23:45:37][STATE] INITIALIZING TASK ---> READY
[20243:handson3ver0]: [23:45:37][STATE] READY ---> RUNNING
[20243:handson3ver0]: [23:45:37][INFO] fair::mq::Device running...
[20241:internal-dpl-clock]: [23:45:37][INFO] LHCPeriod is not available, using current month MAR
[20243:handson3ver0]: [23:45:37][INFO] LHCPeriod is not available, using current month MAR
[20241:internal-dpl-clock]: [23:45:37][INFO] Correctly handshaken websocket connection.
[INFO] Controller for internal-dpl-aod-reader not yet available.
[20243:handson3ver0]: [23:45:37][INFO] Correctly handshaken websocket connection.
[20242:internal-dpl-aod-reader]: [23:45:37][STATE] IDLE ---> INITIALIZING DEVICE
[20246:internal-dpl-injected-dummy-sink]: [23:45:37][STATE] INITIALIZING DEVICE ---> INITIALIZED
[20246:internal-dpl-injected-dummy-sink]: [23:45:37][STATE] INITIALIZED ---> BINDING
[20246:internal-dpl-injected-dummy-sink]: [23:45:37][STATE] BINDING ---> BOUND
[20246:internal-dpl-injected-dummy-sink]: [23:45:37][STATE] BOUND ---> CONNECTING
[20246:internal-dpl-injected-dummy-sink]: [23:45:37][STATE] CONNECTING ---> DEVICE READY
[20246:internal-dpl-injected-dummy-sink]: [23:45:37][STATE] DEVICE READY ---> INITIALIZING TASK
[20246:internal-dpl-injected-dummy-sink]: [23:45:37][STATE] INITIALIZING TASK ---> READY
[20246:internal-dpl-injected-dummy-sink]: [23:45:37][STATE] READY ---> RUNNING
[20246:internal-dpl-injected-dummy-sink]: [23:45:37][INFO] fair::mq::Device running...
[20246:internal-dpl-injected-dummy-sink]: [23:45:37][INFO] LHCPeriod is not available, using current month MAR
[20246:internal-dpl-injected-dummy-sink]: [23:45:37][INFO] Correctly handshaken websocket connection.
[20245:internal-dpl-aod-global-analysis-file-sink]: [INFO] Instrumenting crash signals
[20245:internal-dpl-aod-global-analysis-file-sink]: [INFO] Spawing new device internal-dpl-aod-global-analysis-file-sink in process with pid 20245
[20244:handson3ver1]: [INFO] Instrumenting crash signals
[20245:internal-dpl-aod-global-analysis-file-sink]: [23:45:37][INFO] 
[20245:internal-dpl-aod-global-analysis-file-sink]:       ______      _    _______  _________ 
[20245:internal-dpl-aod-global-analysis-file-sink]:      / ____/___ _(_)_______   |/  /_  __ \    version 1.9.1
[20245:internal-dpl-aod-global-analysis-file-sink]:     / /_  / __ `/ / ___/__  /|_/ /_  / / /    build RELWITHDEBINFO
[20245:internal-dpl-aod-global-analysis-file-sink]:    / __/ / /_/ / / /    _  /  / / / /_/ /     https://github.com/FairRootGroup/FairMQ
[20245:internal-dpl-aod-global-analysis-file-sink]:   /_/    \__,_/_/_/     /_/  /_/  \___\_\     LGPL-3.0  © 2012-2025 GSI
[20245:internal-dpl-aod-global-analysis-file-sink]: 
[20245:internal-dpl-aod-global-analysis-file-sink]: [23:45:37][STATE] Starting FairMQ state machine --> IDLE
[20244:handson3ver1]: [INFO] Spawing new device handson3ver1 in process with pid 20244
[20244:handson3ver1]: [23:45:37][INFO] 
[20244:handson3ver1]:       ______      _    _______  _________ 
[20244:handson3ver1]:      / ____/___ _(_)_______   |/  /_  __ \    version 1.9.1
[20244:handson3ver1]:     / /_  / __ `/ / ___/__  /|_/ /_  / / /    build RELWITHDEBINFO
[20244:handson3ver1]:    / __/ / /_/ / / /    _  /  / / / /_/ /     https://github.com/FairRootGroup/FairMQ
[20244:handson3ver1]:   /_/    \__,_/_/_/     /_/  /_/  \___\_\     LGPL-3.0  © 2012-2025 GSI
[20244:handson3ver1]: 
[20244:handson3ver1]: [23:45:37][STATE] Starting FairMQ state machine --> IDLE
[20245:internal-dpl-aod-global-analysis-file-sink]: [23:45:37][STATE] IDLE ---> INITIALIZING DEVICE
[20244:handson3ver1]: [23:45:37][STATE] IDLE ---> INITIALIZING DEVICE
[20245:internal-dpl-aod-global-analysis-file-sink]: [23:45:37][STATE] INITIALIZING DEVICE ---> INITIALIZED
[20245:internal-dpl-aod-global-analysis-file-sink]: [23:45:37][STATE] INITIALIZED ---> BINDING
[20245:internal-dpl-aod-global-analysis-file-sink]: [23:45:37][STATE] BINDING ---> BOUND
[20245:internal-dpl-aod-global-analysis-file-sink]: [23:45:37][STATE] BOUND ---> CONNECTING
[20245:internal-dpl-aod-global-analysis-file-sink]: [23:45:37][STATE] CONNECTING ---> DEVICE READY
[20245:internal-dpl-aod-global-analysis-file-sink]: [23:45:37][STATE] DEVICE READY ---> INITIALIZING TASK
[20245:internal-dpl-aod-global-analysis-file-sink]: [23:45:37][STATE] INITIALIZING TASK ---> READY
[20245:internal-dpl-aod-global-analysis-file-sink]: [23:45:37][STATE] READY ---> RUNNING
[20245:internal-dpl-aod-global-analysis-file-sink]: [23:45:37][INFO] fair::mq::Device running...
[20245:internal-dpl-aod-global-analysis-file-sink]: [23:45:37][INFO] LHCPeriod is not available, using current month MAR
[20245:internal-dpl-aod-global-analysis-file-sink]: [23:45:37][INFO] Correctly handshaken websocket connection.
[20244:handson3ver1]: [23:45:37][STATE] INITIALIZING DEVICE ---> INITIALIZED
[20244:handson3ver1]: [23:45:37][STATE] INITIALIZED ---> BINDING
[20244:handson3ver1]: [23:45:37][STATE] BINDING ---> BOUND
[20244:handson3ver1]: [23:45:37][STATE] BOUND ---> CONNECTING
[20244:handson3ver1]: [23:45:37][STATE] CONNECTING ---> DEVICE READY
[20244:handson3ver1]: [23:45:37][STATE] DEVICE READY ---> INITIALIZING TASK
[20244:handson3ver1]: [23:45:37][STATE] INITIALIZING TASK ---> READY
[20244:handson3ver1]: [23:45:37][STATE] READY ---> RUNNING
[20244:handson3ver1]: [23:45:37][INFO] fair::mq::Device running...
[20244:handson3ver1]: [23:45:37][INFO] LHCPeriod is not available, using current month MAR
[20244:handson3ver1]: [23:45:37][INFO] Correctly handshaken websocket connection.
[20242:internal-dpl-aod-reader]: [23:45:37][STATE] INITIALIZING DEVICE ---> INITIALIZED
[20242:internal-dpl-aod-reader]: [23:45:37][STATE] INITIALIZED ---> BINDING
[20242:internal-dpl-aod-reader]: [23:45:37][STATE] BINDING ---> BOUND
[20242:internal-dpl-aod-reader]: [23:45:37][STATE] BOUND ---> CONNECTING
[20242:internal-dpl-aod-reader]: [23:45:37][STATE] CONNECTING ---> DEVICE READY
[20242:internal-dpl-aod-reader]: [23:45:37][STATE] DEVICE READY ---> INITIALIZING TASK
[20242:internal-dpl-aod-reader]: [23:45:37][STATE] INITIALIZING TASK ---> READY
[20242:internal-dpl-aod-reader]: [23:45:37][STATE] READY ---> RUNNING
[20242:internal-dpl-aod-reader]: [23:45:37][INFO] fair::mq::Device running...
[INFO] Controller for internal-dpl-aod-reader now available.
[20242:internal-dpl-aod-reader]: [23:45:37][INFO] LHCPeriod is not available, using current month MAR
[20242:internal-dpl-aod-reader]: [23:45:37][INFO] Correctly handshaken websocket connection.
[20243:handson3ver0]: /Users/jinhyunpark/npl/Analysis/ALICE/O2Framework/sw/BUILD/c40633e8d96ff7e79df09f5aade3f740d0ee86ce/arrow/src_tmp/cpp/src/gandiva/cache.cc:61: Creating gandiva cache with capacity of 5000
[20243:handson3ver0]: /Users/jinhyunpark/npl/Analysis/ALICE/O2Framework/sw/BUILD/c40633e8d96ff7e79df09f5aade3f740d0ee86ce/arrow/src_tmp/cpp/src/gandiva/engine.cc:276: Detected CPU Name : apple-m1
[20243:handson3ver0]: /Users/jinhyunpark/npl/Analysis/ALICE/O2Framework/sw/BUILD/c40633e8d96ff7e79df09f5aade3f740d0ee86ce/arrow/src_tmp/cpp/src/gandiva/engine.cc:277: Detected CPU Features: []
[20244:handson3ver1]: /Users/jinhyunpark/npl/Analysis/ALICE/O2Framework/sw/BUILD/c40633e8d96ff7e79df09f5aade3f740d0ee86ce/arrow/src_tmp/cpp/src/gandiva/cache.cc:61: Creating gandiva cache with capacity of 5000
[20244:handson3ver1]: /Users/jinhyunpark/npl/Analysis/ALICE/O2Framework/sw/BUILD/c40633e8d96ff7e79df09f5aade3f740d0ee86ce/arrow/src_tmp/cpp/src/gandiva/engine.cc:276: Detected CPU Name : apple-m1
[20244:handson3ver1]: /Users/jinhyunpark/npl/Analysis/ALICE/O2Framework/sw/BUILD/c40633e8d96ff7e79df09f5aade3f740d0ee86ce/arrow/src_tmp/cpp/src/gandiva/engine.cc:277: Detected CPU Features: []
[20243:handson3ver0]: [23:45:39][WARN] Timed out sending after 1s. Downstream backpressure detected on from_handson3ver0_to_handson3ver1[0].
[20242:internal-dpl-aod-reader]: [23:45:39][WARN] Timed out sending after 1s. Downstream backpressure detected on from_internal-dpl-aod-reader_to_handson3ver0[0].
[20243:handson3ver0]: [23:45:42][INFO] Downstream backpressure on from_handson3ver0_to_handson3ver1[0] recovered.
[20242:internal-dpl-aod-reader]: [23:45:42][INFO] Downstream backpressure on from_internal-dpl-aod-reader_to_handson3ver0[0] recovered.
[20243:handson3ver0]: [23:45:43][WARN] Timed out sending after 1s. Downstream backpressure detected on from_handson3ver0_to_handson3ver1[0].
[20242:internal-dpl-aod-reader]: [23:45:43][WARN] Timed out sending after 1s. Downstream backpressure detected on from_internal-dpl-aod-reader_to_handson3ver0[0].
[20243:handson3ver0]: [23:45:48][INFO] Downstream backpressure on from_handson3ver0_to_handson3ver1[0] recovered.
[20242:internal-dpl-aod-reader]: [23:45:48][INFO] Downstream backpressure on from_internal-dpl-aod-reader_to_handson3ver0[0] recovered.
[20243:handson3ver0]: [23:45:49][WARN] Timed out sending after 1s. Downstream backpressure detected on from_handson3ver0_to_handson3ver1[0].
[20242:internal-dpl-aod-reader]: [23:45:49][WARN] Timed out sending after 1s. Downstream backpressure detected on from_internal-dpl-aod-reader_to_handson3ver0[0].
[20243:handson3ver0]: [23:45:49][INFO] Downstream backpressure on from_handson3ver0_to_handson3ver1[0] recovered.
[20242:internal-dpl-aod-reader]: [23:45:49][INFO] Downstream backpressure on from_internal-dpl-aod-reader_to_handson3ver0[0] recovered.
[20243:handson3ver0]: [23:45:51][WARN] Timed out sending after 1s. Downstream backpressure detected on from_handson3ver0_to_handson3ver1[0].
[20242:internal-dpl-aod-reader]: [23:45:51][WARN] Timed out sending after 1s. Downstream backpressure detected on from_internal-dpl-aod-reader_to_handson3ver0[0].
[20243:handson3ver0]: [23:45:51][INFO] Downstream backpressure on from_handson3ver0_to_handson3ver1[0] recovered.
[20242:internal-dpl-aod-reader]: [23:45:51][INFO] Downstream backpressure on from_internal-dpl-aod-reader_to_handson3ver0[0] recovered.
[20243:handson3ver0]: [23:45:52][WARN] Timed out sending after 1s. Downstream backpressure detected on from_handson3ver0_to_handson3ver1[0].
[20242:internal-dpl-aod-reader]: [23:45:52][WARN] Timed out sending after 1s. Downstream backpressure detected on from_internal-dpl-aod-reader_to_handson3ver0[0].
[20243:handson3ver0]: [23:45:52][INFO] Downstream backpressure on from_handson3ver0_to_handson3ver1[0] recovered.
[20242:internal-dpl-aod-reader]: [23:45:52][INFO] Downstream backpressure on from_internal-dpl-aod-reader_to_handson3ver0[0] recovered.
[20242:internal-dpl-aod-reader]: [23:45:52][INFO] No input files left to read for reader 0!
[20242:internal-dpl-aod-reader]: [23:45:52][INFO] Read info: lfn=/Users/jinhyunpark/npl/Analysis/ALICE/data/ao2d/O2Tutorial4.0/AO2D-PbPb-derived-small.root,size=721113,total_df=218,read_df=218,read_bytes=751006,read_calls=1530,io_time=0.3,wait_time=14.6,level=0
[20242:internal-dpl-aod-reader]: [23:45:52][INFO] Sending end-of-stream message to channel from_internal-dpl-aod-reader_to_handson3ver0
[20242:internal-dpl-aod-reader]: [23:45:52][INFO] Sending end-of-stream message to channel from_internal-dpl-aod-reader_to_internal-dpl-injected-dummy-sink
[20243:handson3ver0]: [23:45:53][WARN] Timed out sending after 1s. Downstream backpressure detected on from_handson3ver0_to_handson3ver1[0].
[20243:handson3ver0]: [23:45:53][INFO] Downstream backpressure on from_handson3ver0_to_handson3ver1[0] recovered.
[20243:handson3ver0]: [23:45:54][INFO] Sending end-of-stream message to channel from_handson3ver0_to_handson3ver1
[20243:handson3ver0]: [23:45:54][INFO] Sending end-of-stream message to channel from_handson3ver0_to_internal-dpl-aod-global-analysis-file-sink
[20244:handson3ver1]: [23:45:56][INFO] Sending end-of-stream message to channel from_handson3ver1_to_internal-dpl-aod-global-analysis-file-sink
[INFO] Quitting
[INFO] QUIT_REQUESTED
[20241:internal-dpl-clock]: [23:45:56][INFO] Received device shutdown request (signal 15).
[20241:internal-dpl-clock]: [23:45:56][INFO] Waiting for graceful device shutdown. Hit Ctrl-C again to abort immediately.
[20241:internal-dpl-clock]: [23:45:56][INFO] New state requested. No timeout set, quitting immediately as per --completion-policy
[20241:internal-dpl-clock]: [23:45:56][INFO] Sending end-of-stream message to channel from_internal-dpl-clock_to_internal-dpl-aod-reader
[20241:internal-dpl-clock]: [23:45:56][STATE] RUNNING ---> READY
[20241:internal-dpl-clock]: [23:45:56][STATE] READY ---> RESETTING TASK
[20241:internal-dpl-clock]: [23:45:56][STATE] RESETTING TASK ---> DEVICE READY
[20241:internal-dpl-clock]: [23:45:56][STATE] DEVICE READY ---> RESETTING DEVICE
[20241:internal-dpl-clock]: [23:45:56][STATE] RESETTING DEVICE ---> IDLE
[20241:internal-dpl-clock]: [23:45:56][STATE] IDLE ---> EXITING
[20241:internal-dpl-clock]: [23:45:56][STATE] Exiting FairMQ state machine
[20246:internal-dpl-injected-dummy-sink]: [23:45:56][INFO] Received device shutdown request (signal 15).
[20246:internal-dpl-injected-dummy-sink]: [23:45:56][INFO] Waiting for graceful device shutdown. Hit Ctrl-C again to abort immediately.
[20246:internal-dpl-injected-dummy-sink]: [23:45:56][INFO] New state requested. No timeout set, quitting immediately as per --completion-policy
[20246:internal-dpl-injected-dummy-sink]: [23:45:56][STATE] RUNNING ---> READY
[20246:internal-dpl-injected-dummy-sink]: [23:45:56][STATE] READY ---> RESETTING TASK
[20246:internal-dpl-injected-dummy-sink]: [23:45:56][STATE] RESETTING TASK ---> DEVICE READY
[20246:internal-dpl-injected-dummy-sink]: [23:45:56][STATE] DEVICE READY ---> RESETTING DEVICE
[20246:internal-dpl-injected-dummy-sink]: [23:45:56][STATE] RESETTING DEVICE ---> IDLE
[20246:internal-dpl-injected-dummy-sink]: [23:45:56][STATE] IDLE ---> EXITING
[20246:internal-dpl-injected-dummy-sink]: [23:45:56][STATE] Exiting FairMQ state machine
[20245:internal-dpl-aod-global-analysis-file-sink]: [23:45:56][INFO] Received device shutdown request (signal 15).
[20245:internal-dpl-aod-global-analysis-file-sink]: [23:45:56][INFO] Waiting for graceful device shutdown. Hit Ctrl-C again to abort immediately.
[20245:internal-dpl-aod-global-analysis-file-sink]: [23:45:56][INFO] New state requested. No timeout set, quitting immediately as per --completion-policy
[20245:internal-dpl-aod-global-analysis-file-sink]: [23:45:56][STATE] RUNNING ---> READY
[20245:internal-dpl-aod-global-analysis-file-sink]: [23:45:56][STATE] READY ---> RESETTING TASK
[20245:internal-dpl-aod-global-analysis-file-sink]: [23:45:56][STATE] RESETTING TASK ---> DEVICE READY
[20245:internal-dpl-aod-global-analysis-file-sink]: [23:45:56][STATE] DEVICE READY ---> RESETTING DEVICE
[20245:internal-dpl-aod-global-analysis-file-sink]: [23:45:56][STATE] RESETTING DEVICE ---> IDLE
[20245:internal-dpl-aod-global-analysis-file-sink]: [23:45:56][STATE] IDLE ---> EXITING
[20245:internal-dpl-aod-global-analysis-file-sink]: [23:45:56][STATE] Exiting FairMQ state machine
[20244:handson3ver1]: [23:45:56][INFO] Received device shutdown request (signal 15).
[20244:handson3ver1]: [23:45:56][INFO] Waiting for graceful device shutdown. Hit Ctrl-C again to abort immediately.
[20244:handson3ver1]: [23:45:56][INFO] New state requested. No timeout set, quitting immediately as per --completion-policy
[20244:handson3ver1]: [23:45:56][STATE] RUNNING ---> READY
[20244:handson3ver1]: [23:45:56][STATE] READY ---> RESETTING TASK
[20244:handson3ver1]: [23:45:56][STATE] RESETTING TASK ---> DEVICE READY
[20244:handson3ver1]: [23:45:56][STATE] DEVICE READY ---> RESETTING DEVICE
[20244:handson3ver1]: [23:45:56][STATE] RESETTING DEVICE ---> IDLE
[20244:handson3ver1]: [23:45:56][STATE] IDLE ---> EXITING
[20244:handson3ver1]: [23:45:56][STATE] Exiting FairMQ state machine
[20242:internal-dpl-aod-reader]: [23:45:57][INFO] Received device shutdown request (signal 15).
[20242:internal-dpl-aod-reader]: [23:45:57][INFO] Waiting for graceful device shutdown. Hit Ctrl-C again to abort immediately.
[20242:internal-dpl-aod-reader]: [23:45:57][INFO] New state requested. No timeout set, quitting immediately as per --completion-policy
[20243:handson3ver0]: [23:45:57][INFO] Received device shutdown request (signal 15).
[20243:handson3ver0]: [23:45:57][INFO] Waiting for graceful device shutdown. Hit Ctrl-C again to abort immediately.
[20242:internal-dpl-aod-reader]: [23:45:57][STATE] RUNNING ---> READY
[20242:internal-dpl-aod-reader]: [23:45:57][STATE] READY ---> RESETTING TASK
[20242:internal-dpl-aod-reader]: [23:45:57][STATE] RESETTING TASK ---> DEVICE READY
[20242:internal-dpl-aod-reader]: [23:45:57][STATE] DEVICE READY ---> RESETTING DEVICE
[20243:handson3ver0]: [23:45:57][INFO] New state requested. No timeout set, quitting immediately as per --completion-policy
[20243:handson3ver0]: [23:45:57][STATE] RUNNING ---> READY
[20243:handson3ver0]: [23:45:57][STATE] READY ---> RESETTING TASK
[20243:handson3ver0]: [23:45:57][STATE] RESETTING TASK ---> DEVICE READY
[20243:handson3ver0]: [23:45:57][STATE] DEVICE READY ---> RESETTING DEVICE
[20242:internal-dpl-aod-reader]: [23:45:57][STATE] RESETTING DEVICE ---> IDLE
[20243:handson3ver0]: [23:45:57][INFO] Cleaning up for shared memory id 'a5d5a08c'...
[20242:internal-dpl-aod-reader]: [23:45:57][STATE] IDLE ---> EXITING
[20243:handson3ver0]: [23:45:57][INFO] Found 0 unmanaged regions...
[20243:handson3ver0]: [23:45:57][INFO] Found 1 managed segments...
[20242:internal-dpl-aod-reader]: [23:45:57][STATE] Exiting FairMQ state machine
[20243:handson3ver0]: [23:45:57][INFO] Successfully removed 'fmq_a5d5a08c_m_0'.
[20243:handson3ver0]: [23:45:57][INFO] Successfully removed 'fmq_a5d5a08c_mng'.
[20243:handson3ver0]: [23:45:57][STATE] RESETTING DEVICE ---> IDLE
[20243:handson3ver0]: [23:45:57][STATE] IDLE ---> EXITING
[20243:handson3ver0]: [23:45:57][STATE] Exiting FairMQ state machine
[INFO] ## Processes completed. Run summary:
[INFO] ### Devices started: 6
[INFO]  - Device internal-dpl-clock: pid 20241 (exit 0)
[INFO]  - Device internal-dpl-aod-reader: pid 20242 (exit 0)
[INFO]  - Device handson3ver0: pid 20243 (exit 0)
[INFO]  - Device handson3ver1: pid 20244 (exit 0)
[INFO]  - Device internal-dpl-aod-global-analysis-file-sink: pid 20245 (exit 0)
[INFO]  - Device internal-dpl-injected-dummy-sink: pid 20246 (exit 0)
[INFO] ## Analysis Run Summary ##
[INFO] ### Files read stats ###
[INFO] lfn=/Users/jinhyunpark/npl/Analysis/ALICE/data/ao2d/O2Tutorial4.0/AO2D-PbPb-derived-small.root,size=721113,total_df=218,read_df=218,read_bytes=751006,read_calls=1530,io_time=0.3,wait_time=14.6,level=0
[INFO] Dumping used configuration in dpl-config.json
