[INFO] Loading metadata from file /Users/jinhyunpark/npl/Analysis/ALICE/data/ao2d/MC/AO2D.root in PID 97975
[INFO] Metadata for file "/Users/jinhyunpark/npl/Analysis/ALICE/data/ao2d/MC/AO2D.root":
[INFO] - O2Version: 1.2.0
[INFO] - LPMProductionTag: LHC24af
[INFO] - ROOTVersion: 6.30/01
[INFO] - RecoPassName: 
[INFO] - Run: 3
[INFO] - AnchorPassName: apass1
[INFO] - DataType: MC
[INFO] - AnchorProduction: apass1
[INFO] Loading metadata from file /Users/jinhyunpark/npl/Analysis/ALICE/data/ao2d/MC/AO2D.root in PID 97974
[INFO] Metadata for file "/Users/jinhyunpark/npl/Analysis/ALICE/data/ao2d/MC/AO2D.root":
[INFO] - O2Version: 1.2.0
[INFO] - LPMProductionTag: LHC24af
[INFO] - ROOTVersion: 6.30/01
[INFO] - RecoPassName: 
[INFO] - Run: 3
[INFO] - AnchorPassName: apass1
[INFO] - DataType: MC
[INFO] - AnchorProduction: apass1
[WARN] Task example8 has no inputs
[INFO] Initialising O2 Data Processing Layer. Driver PID: 97975.
[INFO] Driver listening on port: 16055
[INFO] Rate limiting set up at 500MB distributed over 1 readers
[INFO] O2 Data Processing Layer initialised. We brake for nobody.
[INFO] Optimised build. O2DEBUG / LOG(debug) / LOGF(debug) / assert statement will not be shown.
[INFO] Redeployment of configuration asked.
[INFO] Starting internal-dpl-clock on pid 97984
[INFO] Starting internal-dpl-aod-reader on pid 97985
[INFO] Starting internal-dpl-aod-spawner on pid 97986
[INFO] Starting mc-collision-converter on pid 97987
[INFO] Starting pretask on pid 97988
[INFO] Starting internal-dpl-aod-writer on pid 97989
[INFO] Starting example8 on pid 97990
[INFO] Starting internal-dpl-injected-dummy-sink on pid 97991
[INFO] Redeployment of configuration done.
[97987:mc-collision-converter]: [INFO] Instrumenting crash signals
[97987:mc-collision-converter]: [INFO] Spawing new device mc-collision-converter in process with pid 97987
[97987:mc-collision-converter]: [23:04:16][INFO] 
[97987:mc-collision-converter]:       ______      _    _______  _________ 
[97987:mc-collision-converter]:      / ____/___ _(_)_______   |/  /_  __ \    version 1.9.1
[97987:mc-collision-converter]:     / /_  / __ `/ / ___/__  /|_/ /_  / / /    build RELWITHDEBINFO
[97987:mc-collision-converter]:    / __/ / /_/ / / /    _  /  / / / /_/ /     https://github.com/FairRootGroup/FairMQ
[97987:mc-collision-converter]:   /_/    \__,_/_/_/     /_/  /_/  \___\_\     LGPL-3.0  © 2012-2025 GSI
[97987:mc-collision-converter]: 
[97987:mc-collision-converter]: [23:04:16][STATE] Starting FairMQ state machine --> IDLE
[97987:mc-collision-converter]: [23:04:16][STATE] IDLE ---> INITIALIZING DEVICE
[97987:mc-collision-converter]: [23:04:16][STATE] INITIALIZING DEVICE ---> INITIALIZED
[97987:mc-collision-converter]: [23:04:16][STATE] INITIALIZED ---> BINDING
[97987:mc-collision-converter]: [23:04:16][STATE] BINDING ---> BOUND
[97987:mc-collision-converter]: [23:04:16][STATE] BOUND ---> CONNECTING
[97987:mc-collision-converter]: [23:04:16][STATE] CONNECTING ---> DEVICE READY
[97987:mc-collision-converter]: [23:04:16][STATE] DEVICE READY ---> INITIALIZING TASK
[97987:mc-collision-converter]: [23:04:16][STATE] INITIALIZING TASK ---> READY
[97987:mc-collision-converter]: [23:04:16][STATE] READY ---> RUNNING
[97987:mc-collision-converter]: [23:04:16][INFO] fair::mq::Device running...
[97987:mc-collision-converter]: [23:04:16][INFO] LHCPeriod is not available, using current month MAR
[97987:mc-collision-converter]: [23:04:16][INFO] Correctly handshaken websocket connection.
[INFO] Controller for internal-dpl-aod-reader not yet available.
[97990:example8]: [WARN] Task example8 has no inputs
[97988:pretask]: [WARN] Task example8 has no inputs
[97986:internal-dpl-aod-spawner]: [WARN] Task example8 has no inputs
[97984:internal-dpl-clock]: [WARN] Task example8 has no inputs
[97989:internal-dpl-aod-writer]: [WARN] Task example8 has no inputs
[97985:internal-dpl-aod-reader]: [WARN] Task example8 has no inputs
[97991:internal-dpl-injected-dummy-sink]: [WARN] Task example8 has no inputs
[97988:pretask]: [INFO] Instrumenting crash signals
[97988:pretask]: [INFO] Spawing new device pretask in process with pid 97988
[97990:example8]: [INFO] Instrumenting crash signals
[97988:pretask]: [23:04:17][INFO] 
[97988:pretask]:       ______      _    _______  _________ 
[97988:pretask]:      / ____/___ _(_)_______   |/  /_  __ \    version 1.9.1
[97988:pretask]:     / /_  / __ `/ / ___/__  /|_/ /_  / / /    build RELWITHDEBINFO
[97988:pretask]:    / __/ / /_/ / / /    _  /  / / / /_/ /     https://github.com/FairRootGroup/FairMQ
[97988:pretask]:   /_/    \__,_/_/_/     /_/  /_/  \___\_\     LGPL-3.0  © 2012-2025 GSI
[97988:pretask]: 
[97988:pretask]: [23:04:17][STATE] Starting FairMQ state machine --> IDLE
[97988:pretask]: [23:04:17][STATE] IDLE ---> INITIALIZING DEVICE
[97990:example8]: [INFO] Spawing new device example8 in process with pid 97990
[97990:example8]: [23:04:17][INFO] 
[97990:example8]:       ______      _    _______  _________ 
[97990:example8]:      / ____/___ _(_)_______   |/  /_  __ \    version 1.9.1
[97990:example8]:     / /_  / __ `/ / ___/__  /|_/ /_  / / /    build RELWITHDEBINFO
[97990:example8]:    / __/ / /_/ / / /    _  /  / / / /_/ /     https://github.com/FairRootGroup/FairMQ
[97990:example8]:   /_/    \__,_/_/_/     /_/  /_/  \___\_\     LGPL-3.0  © 2012-2025 GSI
[97990:example8]: 
[97990:example8]: [23:04:17][STATE] Starting FairMQ state machine --> IDLE
[97986:internal-dpl-aod-spawner]: [INFO] Instrumenting crash signals
[97990:example8]: [23:04:17][STATE] IDLE ---> INITIALIZING DEVICE
[97988:pretask]: [23:04:17][STATE] INITIALIZING DEVICE ---> INITIALIZED
[97988:pretask]: [23:04:17][STATE] INITIALIZED ---> BINDING
[97990:example8]: [23:04:17][STATE] INITIALIZING DEVICE ---> INITIALIZED
[97990:example8]: [23:04:17][STATE] INITIALIZED ---> BINDING
[97990:example8]: [23:04:17][STATE] BINDING ---> BOUND
[97990:example8]: [23:04:17][STATE] BOUND ---> CONNECTING
[97988:pretask]: [23:04:17][STATE] BINDING ---> BOUND
[97988:pretask]: [23:04:17][STATE] BOUND ---> CONNECTING
[97989:internal-dpl-aod-writer]: [INFO] Instrumenting crash signals
[97990:example8]: [23:04:17][STATE] CONNECTING ---> DEVICE READY
[97990:example8]: [23:04:17][STATE] DEVICE READY ---> INITIALIZING TASK
[97990:example8]: [23:04:17][STATE] INITIALIZING TASK ---> READY
[97990:example8]: [23:04:17][STATE] READY ---> RUNNING
[97990:example8]: [23:04:17][INFO] fair::mq::Device running...
[97988:pretask]: [23:04:17][STATE] CONNECTING ---> DEVICE READY
[97988:pretask]: [23:04:17][STATE] DEVICE READY ---> INITIALIZING TASK
[97990:example8]: [23:04:17][INFO] LHCPeriod is not available, using current month MAR
[97988:pretask]: [23:04:17][STATE] INITIALIZING TASK ---> READY
[97988:pretask]: [23:04:17][STATE] READY ---> RUNNING
[97988:pretask]: [23:04:17][INFO] fair::mq::Device running...
[97990:example8]: [23:04:17][INFO] Correctly handshaken websocket connection.
[97984:internal-dpl-clock]: [INFO] Instrumenting crash signals
[97986:internal-dpl-aod-spawner]: [INFO] Spawing new device internal-dpl-aod-spawner in process with pid 97986
[97986:internal-dpl-aod-spawner]: [23:04:17][INFO] 
[97986:internal-dpl-aod-spawner]:       ______      _    _______  _________ 
[97986:internal-dpl-aod-spawner]:      / ____/___ _(_)_______   |/  /_  __ \    version 1.9.1
[97986:internal-dpl-aod-spawner]:     / /_  / __ `/ / ___/__  /|_/ /_  / / /    build RELWITHDEBINFO
[97986:internal-dpl-aod-spawner]:    / __/ / /_/ / / /    _  /  / / / /_/ /     https://github.com/FairRootGroup/FairMQ
[97986:internal-dpl-aod-spawner]:   /_/    \__,_/_/_/     /_/  /_/  \___\_\     LGPL-3.0  © 2012-2025 GSI
[97986:internal-dpl-aod-spawner]: 
[97986:internal-dpl-aod-spawner]: [23:04:17][STATE] Starting FairMQ state machine --> IDLE
[97988:pretask]: [23:04:17][INFO] LHCPeriod is not available, using current month MAR
[97988:pretask]: [23:04:17][INFO] Correctly handshaken websocket connection.
[97989:internal-dpl-aod-writer]: [INFO] Spawing new device internal-dpl-aod-writer in process with pid 97989
[97989:internal-dpl-aod-writer]: [23:04:17][INFO] 
[97989:internal-dpl-aod-writer]:       ______      _    _______  _________ 
[97989:internal-dpl-aod-writer]:      / ____/___ _(_)_______   |/  /_  __ \    version 1.9.1
[97989:internal-dpl-aod-writer]:     / /_  / __ `/ / ___/__  /|_/ /_  / / /    build RELWITHDEBINFO
[97989:internal-dpl-aod-writer]:    / __/ / /_/ / / /    _  /  / / / /_/ /     https://github.com/FairRootGroup/FairMQ
[97989:internal-dpl-aod-writer]:   /_/    \__,_/_/_/     /_/  /_/  \___\_\     LGPL-3.0  © 2012-2025 GSI
[97989:internal-dpl-aod-writer]: 
[97989:internal-dpl-aod-writer]: [23:04:17][STATE] Starting FairMQ state machine --> IDLE
[97986:internal-dpl-aod-spawner]: [23:04:17][STATE] IDLE ---> INITIALIZING DEVICE
[97984:internal-dpl-clock]: [INFO] Spawing new device internal-dpl-clock in process with pid 97984
[97986:internal-dpl-aod-spawner]: [23:04:17][STATE] INITIALIZING DEVICE ---> INITIALIZED
[97986:internal-dpl-aod-spawner]: [23:04:17][STATE] INITIALIZED ---> BINDING
[97984:internal-dpl-clock]: [23:04:17][INFO] 
[97984:internal-dpl-clock]:       ______      _    _______  _________ 
[97984:internal-dpl-clock]:      / ____/___ _(_)_______   |/  /_  __ \    version 1.9.1
[97984:internal-dpl-clock]:     / /_  / __ `/ / ___/__  /|_/ /_  / / /    build RELWITHDEBINFO
[97984:internal-dpl-clock]:    / __/ / /_/ / / /    _  /  / / / /_/ /     https://github.com/FairRootGroup/FairMQ
[97984:internal-dpl-clock]:   /_/    \__,_/_/_/     /_/  /_/  \___\_\     LGPL-3.0  © 2012-2025 GSI
[97984:internal-dpl-clock]: 
[97984:internal-dpl-clock]: [23:04:17][STATE] Starting FairMQ state machine --> IDLE
[97986:internal-dpl-aod-spawner]: [23:04:17][STATE] BINDING ---> BOUND
[97986:internal-dpl-aod-spawner]: [23:04:17][STATE] BOUND ---> CONNECTING
[97986:internal-dpl-aod-spawner]: [23:04:17][STATE] CONNECTING ---> DEVICE READY
[97986:internal-dpl-aod-spawner]: [23:04:17][STATE] DEVICE READY ---> INITIALIZING TASK
[97986:internal-dpl-aod-spawner]: [23:04:17][STATE] INITIALIZING TASK ---> READY
[97986:internal-dpl-aod-spawner]: [23:04:17][STATE] READY ---> RUNNING
[97986:internal-dpl-aod-spawner]: [23:04:17][INFO] fair::mq::Device running...
[97986:internal-dpl-aod-spawner]: [23:04:17][INFO] LHCPeriod is not available, using current month MAR
[97986:internal-dpl-aod-spawner]: [23:04:17][INFO] Correctly handshaken websocket connection.
[97989:internal-dpl-aod-writer]: [23:04:17][STATE] IDLE ---> INITIALIZING DEVICE
[97989:internal-dpl-aod-writer]: [23:04:17][STATE] INITIALIZING DEVICE ---> INITIALIZED
[97989:internal-dpl-aod-writer]: [23:04:17][STATE] INITIALIZED ---> BINDING
[97985:internal-dpl-aod-reader]: [INFO] Instrumenting crash signals
[97984:internal-dpl-clock]: [23:04:17][STATE] IDLE ---> INITIALIZING DEVICE
[97989:internal-dpl-aod-writer]: [23:04:17][STATE] BINDING ---> BOUND
[97989:internal-dpl-aod-writer]: [23:04:17][STATE] BOUND ---> CONNECTING
[97984:internal-dpl-clock]: [23:04:17][STATE] INITIALIZING DEVICE ---> INITIALIZED
[97989:internal-dpl-aod-writer]: [23:04:17][STATE] CONNECTING ---> DEVICE READY
[97984:internal-dpl-clock]: [23:04:17][STATE] INITIALIZED ---> BINDING
[97989:internal-dpl-aod-writer]: [23:04:17][STATE] DEVICE READY ---> INITIALIZING TASK
[97989:internal-dpl-aod-writer]: [23:04:17][STATE] INITIALIZING TASK ---> READY
[97989:internal-dpl-aod-writer]: [23:04:17][STATE] READY ---> RUNNING
[97989:internal-dpl-aod-writer]: [23:04:17][INFO] fair::mq::Device running...
[97989:internal-dpl-aod-writer]: [23:04:17][INFO] LHCPeriod is not available, using current month MAR
[97989:internal-dpl-aod-writer]: [23:04:17][INFO] Correctly handshaken websocket connection.
[97984:internal-dpl-clock]: [23:04:17][STATE] BINDING ---> BOUND
[97984:internal-dpl-clock]: [23:04:17][STATE] BOUND ---> CONNECTING
[97984:internal-dpl-clock]: [23:04:17][STATE] CONNECTING ---> DEVICE READY
[97984:internal-dpl-clock]: [23:04:17][STATE] DEVICE READY ---> INITIALIZING TASK
[97984:internal-dpl-clock]: [23:04:17][STATE] INITIALIZING TASK ---> READY
[97984:internal-dpl-clock]: [23:04:17][STATE] READY ---> RUNNING
[97984:internal-dpl-clock]: [23:04:17][INFO] fair::mq::Device running...
[97984:internal-dpl-clock]: [23:04:17][INFO] LHCPeriod is not available, using current month MAR
[97984:internal-dpl-clock]: [23:04:17][INFO] Correctly handshaken websocket connection.
[97985:internal-dpl-aod-reader]: [INFO] Spawing new device internal-dpl-aod-reader in process with pid 97985
[97985:internal-dpl-aod-reader]: [23:04:17][INFO] 
[97985:internal-dpl-aod-reader]:       ______      _    _______  _________ 
[97985:internal-dpl-aod-reader]:      / ____/___ _(_)_______   |/  /_  __ \    version 1.9.1
[97985:internal-dpl-aod-reader]:     / /_  / __ `/ / ___/__  /|_/ /_  / / /    build RELWITHDEBINFO
[97985:internal-dpl-aod-reader]:    / __/ / /_/ / / /    _  /  / / / /_/ /     https://github.com/FairRootGroup/FairMQ
[97985:internal-dpl-aod-reader]:   /_/    \__,_/_/_/     /_/  /_/  \___\_\     LGPL-3.0  © 2012-2025 GSI
[97985:internal-dpl-aod-reader]: 
[97985:internal-dpl-aod-reader]: [23:04:17][STATE] Starting FairMQ state machine --> IDLE
[97985:internal-dpl-aod-reader]: [23:04:17][STATE] IDLE ---> INITIALIZING DEVICE
[97991:internal-dpl-injected-dummy-sink]: [INFO] Instrumenting crash signals
[97991:internal-dpl-injected-dummy-sink]: [INFO] Spawing new device internal-dpl-injected-dummy-sink in process with pid 97991
[97991:internal-dpl-injected-dummy-sink]: [23:04:17][INFO] 
[97991:internal-dpl-injected-dummy-sink]:       ______      _    _______  _________ 
[97991:internal-dpl-injected-dummy-sink]:      / ____/___ _(_)_______   |/  /_  __ \    version 1.9.1
[97991:internal-dpl-injected-dummy-sink]:     / /_  / __ `/ / ___/__  /|_/ /_  / / /    build RELWITHDEBINFO
[97991:internal-dpl-injected-dummy-sink]:    / __/ / /_/ / / /    _  /  / / / /_/ /     https://github.com/FairRootGroup/FairMQ
[97991:internal-dpl-injected-dummy-sink]:   /_/    \__,_/_/_/     /_/  /_/  \___\_\     LGPL-3.0  © 2012-2025 GSI
[97991:internal-dpl-injected-dummy-sink]: 
[97991:internal-dpl-injected-dummy-sink]: [23:04:17][STATE] Starting FairMQ state machine --> IDLE
[97991:internal-dpl-injected-dummy-sink]: [23:04:17][STATE] IDLE ---> INITIALIZING DEVICE
[97991:internal-dpl-injected-dummy-sink]: [23:04:17][STATE] INITIALIZING DEVICE ---> INITIALIZED
[97991:internal-dpl-injected-dummy-sink]: [23:04:17][STATE] INITIALIZED ---> BINDING
[97991:internal-dpl-injected-dummy-sink]: [23:04:17][STATE] BINDING ---> BOUND
[97991:internal-dpl-injected-dummy-sink]: [23:04:17][STATE] BOUND ---> CONNECTING
[97991:internal-dpl-injected-dummy-sink]: [23:04:17][STATE] CONNECTING ---> DEVICE READY
[97991:internal-dpl-injected-dummy-sink]: [23:04:17][STATE] DEVICE READY ---> INITIALIZING TASK
[97991:internal-dpl-injected-dummy-sink]: [23:04:17][STATE] INITIALIZING TASK ---> READY
[97991:internal-dpl-injected-dummy-sink]: [23:04:17][STATE] READY ---> RUNNING
[97991:internal-dpl-injected-dummy-sink]: [23:04:17][INFO] fair::mq::Device running...
[97991:internal-dpl-injected-dummy-sink]: [23:04:17][INFO] LHCPeriod is not available, using current month MAR
[97991:internal-dpl-injected-dummy-sink]: [23:04:17][INFO] Correctly handshaken websocket connection.
[97985:internal-dpl-aod-reader]: [23:04:17][STATE] INITIALIZING DEVICE ---> INITIALIZED
[97985:internal-dpl-aod-reader]: [23:04:17][STATE] INITIALIZED ---> BINDING
[97985:internal-dpl-aod-reader]: [23:04:17][STATE] BINDING ---> BOUND
[97985:internal-dpl-aod-reader]: [23:04:17][STATE] BOUND ---> CONNECTING
[97985:internal-dpl-aod-reader]: [23:04:17][STATE] CONNECTING ---> DEVICE READY
[97985:internal-dpl-aod-reader]: [23:04:17][STATE] DEVICE READY ---> INITIALIZING TASK
[97985:internal-dpl-aod-reader]: [23:04:17][STATE] INITIALIZING TASK ---> READY
[97985:internal-dpl-aod-reader]: [23:04:17][STATE] READY ---> RUNNING
[97985:internal-dpl-aod-reader]: [23:04:17][INFO] fair::mq::Device running...
[97985:internal-dpl-aod-reader]: [23:04:17][INFO] LHCPeriod is not available, using current month MAR
[INFO] Controller for internal-dpl-aod-reader now available.
[97985:internal-dpl-aod-reader]: [23:04:17][INFO] Correctly handshaken websocket connection.
[97986:internal-dpl-aod-spawner]: /Users/jinhyunpark/npl/Analysis/ALICE/O2Framework/sw/BUILD/c40633e8d96ff7e79df09f5aade3f740d0ee86ce/arrow/src_tmp/cpp/src/gandiva/cache.cc:61: Creating gandiva cache with capacity of 5000
[97986:internal-dpl-aod-spawner]: /Users/jinhyunpark/npl/Analysis/ALICE/O2Framework/sw/BUILD/c40633e8d96ff7e79df09f5aade3f740d0ee86ce/arrow/src_tmp/cpp/src/gandiva/engine.cc:276: Detected CPU Name : apple-m1
[97986:internal-dpl-aod-spawner]: /Users/jinhyunpark/npl/Analysis/ALICE/O2Framework/sw/BUILD/c40633e8d96ff7e79df09f5aade3f740d0ee86ce/arrow/src_tmp/cpp/src/gandiva/engine.cc:277: Detected CPU Features: []
[97988:pretask]: /Users/jinhyunpark/npl/Analysis/ALICE/O2Framework/sw/BUILD/c40633e8d96ff7e79df09f5aade3f740d0ee86ce/arrow/src_tmp/cpp/src/gandiva/cache.cc:61: Creating gandiva cache with capacity of 5000
[97988:pretask]: /Users/jinhyunpark/npl/Analysis/ALICE/O2Framework/sw/BUILD/c40633e8d96ff7e79df09f5aade3f740d0ee86ce/arrow/src_tmp/cpp/src/gandiva/engine.cc:276: Detected CPU Name : apple-m1
[97988:pretask]: /Users/jinhyunpark/npl/Analysis/ALICE/O2Framework/sw/BUILD/c40633e8d96ff7e79df09f5aade3f740d0ee86ce/arrow/src_tmp/cpp/src/gandiva/engine.cc:277: Detected CPU Features: []
[97988:pretask]: [23:04:18][INFO] Collision 0 has multiplicity of 501
[97989:internal-dpl-aod-writer]: [23:04:18][INFO] No AODs to be saved.
[97988:pretask]: [23:04:18][INFO] Collision 0 has multiplicity of 310
[97988:pretask]: [23:04:18][INFO] Collision 0 has multiplicity of 143
[97988:pretask]: [23:04:18][INFO] Collision 0 has multiplicity of 203
[97985:internal-dpl-aod-reader]: [23:04:18][INFO] No input files left to read for reader 0!
[97985:internal-dpl-aod-reader]: [23:04:18][INFO] Read info: lfn=/Users/jinhyunpark/npl/Analysis/ALICE/data/ao2d/MC/AO2D.root,size=318044094,total_df=5,read_df=5,read_bytes=524796057,read_calls=743,io_time=1.4,wait_time=0.0,level=0
[97985:internal-dpl-aod-reader]: [23:04:18][INFO] Sending end-of-stream message to channel from_internal-dpl-aod-reader_to_internal-dpl-aod-spawner
[97985:internal-dpl-aod-reader]: [23:04:18][INFO] Sending end-of-stream message to channel from_internal-dpl-aod-reader_to_mc-collision-converter
[97985:internal-dpl-aod-reader]: [23:04:18][INFO] Sending end-of-stream message to channel from_internal-dpl-aod-reader_to_internal-dpl-aod-writer
[97987:mc-collision-converter]: [23:04:18][INFO] Sending end-of-stream message to channel from_mc-collision-converter_to_pretask
[97986:internal-dpl-aod-spawner]: [23:04:19][INFO] Sending end-of-stream message to channel from_internal-dpl-aod-spawner_to_pretask
[97988:pretask]: [23:04:19][INFO] Collision 0 has multiplicity of 632
[97989:internal-dpl-aod-writer]: [23:04:19][ERROR] Some Lifetime::Timeframe data got dropped starting at 5
[97988:pretask]: [23:04:19][INFO] Sending end-of-stream message to channel from_pretask_to_internal-dpl-aod-writer
[97989:internal-dpl-aod-writer]: [23:04:19][INFO] Sending end-of-stream message to channel from_internal-dpl-aod-writer_to_internal-dpl-injected-dummy-sink
[INFO] QUIT_REQUESTED
[97991:internal-dpl-injected-dummy-sink]: [23:52:54][INFO] Received device shutdown request (signal 2).
[97991:internal-dpl-injected-dummy-sink]: [23:52:54][INFO] Waiting for graceful device shutdown. Hit Ctrl-C again to abort immediately.
[97991:internal-dpl-injected-dummy-sink]: [23:52:54][INFO] New state requested. No timeout set, quitting immediately as per --completion-policy
[97991:internal-dpl-injected-dummy-sink]: [23:52:54][STATE] RUNNING ---> READY
[97991:internal-dpl-injected-dummy-sink]: [23:52:54][STATE] READY ---> RESETTING TASK
[97991:internal-dpl-injected-dummy-sink]: [23:52:54][STATE] RESETTING TASK ---> DEVICE READY
[97991:internal-dpl-injected-dummy-sink]: [23:52:54][STATE] DEVICE READY ---> RESETTING DEVICE
[97991:internal-dpl-injected-dummy-sink]: [23:52:54][STATE] RESETTING DEVICE ---> IDLE
[97991:internal-dpl-injected-dummy-sink]: [23:52:54][STATE] IDLE ---> EXITING
[97991:internal-dpl-injected-dummy-sink]: [23:52:54][STATE] Exiting FairMQ state machine
[97987:mc-collision-converter]: [23:52:54][INFO] Received device shutdown request (signal 15).
[97987:mc-collision-converter]: [23:52:54][INFO] Waiting for graceful device shutdown. Hit Ctrl-C again to abort immediately.
[97987:mc-collision-converter]: [23:52:54][INFO] New state requested. No timeout set, quitting immediately as per --completion-policy
[97987:mc-collision-converter]: [23:52:54][STATE] RUNNING ---> READY
[97987:mc-collision-converter]: [23:52:54][STATE] READY ---> RESETTING TASK
[97987:mc-collision-converter]: [23:52:54][STATE] RESETTING TASK ---> DEVICE READY
[97987:mc-collision-converter]: [23:52:54][STATE] DEVICE READY ---> RESETTING DEVICE
[97987:mc-collision-converter]: [23:52:54][STATE] RESETTING DEVICE ---> IDLE
[97987:mc-collision-converter]: [23:52:54][STATE] IDLE ---> EXITING
[97987:mc-collision-converter]: [23:52:54][STATE] Exiting FairMQ state machine
[97989:internal-dpl-aod-writer]: [23:52:54][INFO] Received device shutdown request (signal 15).
[97989:internal-dpl-aod-writer]: [23:52:54][INFO] Waiting for graceful device shutdown. Hit Ctrl-C again to abort immediately.
[97989:internal-dpl-aod-writer]: [23:52:54][INFO] New state requested. No timeout set, quitting immediately as per --completion-policy
[97989:internal-dpl-aod-writer]: [23:52:54][STATE] RUNNING ---> READY
[97989:internal-dpl-aod-writer]: [23:52:54][STATE] READY ---> RESETTING TASK
[97989:internal-dpl-aod-writer]: [23:52:54][STATE] RESETTING TASK ---> DEVICE READY
[97989:internal-dpl-aod-writer]: [23:52:54][STATE] DEVICE READY ---> RESETTING DEVICE
[97989:internal-dpl-aod-writer]: [23:52:54][STATE] RESETTING DEVICE ---> IDLE
[97989:internal-dpl-aod-writer]: [23:52:54][STATE] IDLE ---> EXITING
[97989:internal-dpl-aod-writer]: [23:52:54][STATE] Exiting FairMQ state machine
[97986:internal-dpl-aod-spawner]: [23:52:54][INFO] Received device shutdown request (signal 15).
[97986:internal-dpl-aod-spawner]: [23:52:54][INFO] Waiting for graceful device shutdown. Hit Ctrl-C again to abort immediately.
[97986:internal-dpl-aod-spawner]: [23:52:54][INFO] New state requested. No timeout set, quitting immediately as per --completion-policy
[97986:internal-dpl-aod-spawner]: [23:52:54][STATE] RUNNING ---> READY
[97986:internal-dpl-aod-spawner]: [23:52:54][STATE] READY ---> RESETTING TASK
[97986:internal-dpl-aod-spawner]: [23:52:54][STATE] RESETTING TASK ---> DEVICE READY
[97986:internal-dpl-aod-spawner]: [23:52:54][STATE] DEVICE READY ---> RESETTING DEVICE
[97986:internal-dpl-aod-spawner]: [23:52:54][STATE] RESETTING DEVICE ---> IDLE
[97986:internal-dpl-aod-spawner]: [23:52:54][STATE] IDLE ---> EXITING
[97986:internal-dpl-aod-spawner]: [23:52:54][STATE] Exiting FairMQ state machine
[97990:example8]: [23:52:54][INFO] Received device shutdown request (signal 15).
[97990:example8]: [23:52:54][INFO] Waiting for graceful device shutdown. Hit Ctrl-C again to abort immediately.
[97990:example8]: [23:52:54][INFO] New state requested. No timeout set, quitting immediately as per --completion-policy
[97990:example8]: [23:52:54][STATE] RUNNING ---> READY
[97990:example8]: [23:52:54][STATE] READY ---> RESETTING TASK
[97990:example8]: [23:52:54][STATE] RESETTING TASK ---> DEVICE READY
[97990:example8]: [23:52:54][STATE] DEVICE READY ---> RESETTING DEVICE
[97990:example8]: [23:52:54][STATE] RESETTING DEVICE ---> IDLE
[97990:example8]: [23:52:54][STATE] IDLE ---> EXITING
[97990:example8]: [23:52:54][STATE] Exiting FairMQ state machine
[97984:internal-dpl-clock]: [23:52:54][INFO] Received device shutdown request (signal 15).
[97984:internal-dpl-clock]: [23:52:54][INFO] Waiting for graceful device shutdown. Hit Ctrl-C again to abort immediately.
[97984:internal-dpl-clock]: [23:52:54][INFO] New state requested. No timeout set, quitting immediately as per --completion-policy
[97985:internal-dpl-aod-reader]: [23:52:54][INFO] Received device shutdown request (signal 15).
[97985:internal-dpl-aod-reader]: [23:52:54][INFO] Waiting for graceful device shutdown. Hit Ctrl-C again to abort immediately.
[97985:internal-dpl-aod-reader]: [23:52:54][INFO] New state requested. No timeout set, quitting immediately as per --completion-policy
[97985:internal-dpl-aod-reader]: [23:52:54][STATE] RUNNING ---> READY
[97985:internal-dpl-aod-reader]: [23:52:54][STATE] READY ---> RESETTING TASK
[97985:internal-dpl-aod-reader]: [23:52:54][STATE] RESETTING TASK ---> DEVICE READY
[97985:internal-dpl-aod-reader]: [23:52:54][STATE] DEVICE READY ---> RESETTING DEVICE
[97985:internal-dpl-aod-reader]: [23:52:54][STATE] RESETTING DEVICE ---> IDLE
[97985:internal-dpl-aod-reader]: [23:52:54][STATE] IDLE ---> EXITING
[97985:internal-dpl-aod-reader]: [23:52:54][STATE] Exiting FairMQ state machine
[97988:pretask]: [23:52:54][INFO] Received device shutdown request (signal 15).
[97988:pretask]: [23:52:54][INFO] Waiting for graceful device shutdown. Hit Ctrl-C again to abort immediately.
[97988:pretask]: [23:52:54][INFO] New state requested. No timeout set, quitting immediately as per --completion-policy
[97988:pretask]: [23:52:54][STATE] RUNNING ---> READY
[97988:pretask]: [23:52:54][STATE] READY ---> RESETTING TASK
[97988:pretask]: [23:52:54][STATE] RESETTING TASK ---> DEVICE READY
[97988:pretask]: [23:52:54][STATE] DEVICE READY ---> RESETTING DEVICE
[97988:pretask]: [23:52:54][STATE] RESETTING DEVICE ---> IDLE
[97988:pretask]: [23:52:54][STATE] IDLE ---> EXITING
[97988:pretask]: [23:52:54][STATE] Exiting FairMQ state machine
[97984:internal-dpl-clock]: [23:52:54][INFO] Sending end-of-stream message to channel from_internal-dpl-clock_to_example8
[97984:internal-dpl-clock]: [23:52:54][INFO] Sending end-of-stream message to channel from_internal-dpl-clock_to_internal-dpl-aod-reader
[97984:internal-dpl-clock]: [23:52:54][STATE] RUNNING ---> READY
[97984:internal-dpl-clock]: [23:52:54][STATE] READY ---> RESETTING TASK
[97984:internal-dpl-clock]: [23:52:54][STATE] RESETTING TASK ---> DEVICE READY
[97984:internal-dpl-clock]: [23:52:54][STATE] DEVICE READY ---> RESETTING DEVICE
[97984:internal-dpl-clock]: [23:52:54][INFO] Cleaning up for shared memory id '30d63065'...
[97984:internal-dpl-clock]: [23:52:54][INFO] Found 0 unmanaged regions...
[97984:internal-dpl-clock]: [23:52:54][INFO] Found 1 managed segments...
[97984:internal-dpl-clock]: [23:52:54][INFO] Successfully removed 'fmq_30d63065_m_0'.
[97984:internal-dpl-clock]: [23:52:54][INFO] Successfully removed 'fmq_30d63065_mng'.
[97984:internal-dpl-clock]: [23:52:54][STATE] RESETTING DEVICE ---> IDLE
[97984:internal-dpl-clock]: [23:52:54][STATE] IDLE ---> EXITING
[97984:internal-dpl-clock]: [23:52:54][STATE] Exiting FairMQ state machine
[INFO] ## Processes completed. Run summary:
[INFO] ### Devices started: 8
[INFO]  - Device internal-dpl-clock: pid 97984 (exit 0)
[INFO]  - Device internal-dpl-aod-reader: pid 97985 (exit 0)
[INFO]  - Device internal-dpl-aod-spawner: pid 97986 (exit 0)
[INFO]  - Device mc-collision-converter: pid 97987 (exit 0)
[INFO]  - Device pretask: pid 97988 (exit 0)
[INFO]  - Device internal-dpl-aod-writer: pid 97989 (exit 0)
[INFO]  - Device example8: pid 97990 (exit 0)
[INFO]  - Device internal-dpl-injected-dummy-sink: pid 97991 (exit 0)
[INFO] ## Analysis Run Summary ##
[INFO] ### Files read stats ###
[INFO] lfn=/Users/jinhyunpark/npl/Analysis/ALICE/data/ao2d/MC/AO2D.root,size=318044094,total_df=5,read_df=5,read_bytes=524796057,read_calls=743,io_time=1.4,wait_time=0.0,level=0
[INFO] Dumping used configuration in dpl-config.json
